Microchip MPLAB XC8 Compiler V2.30

Linker command line:

-W-3 --edf=C:\Program Files\Microchip\xc8\v2.30\pic\dat\en_msgs.txt -cn \
  -h+dist/default/debug\hw2.X.debug.sym \
  --cmf=dist/default/debug\hw2.X.debug.cmf -z -Q18F8722 \
  -oC:\Users\HOBBIT~1\AppData\Local\Temp\sj8kx2 --defsym=__MPLAB_BUILD=1 \
  -Mdist/default/debug/hw2.X.debug.map -E1 -ver=XC8 Compiler --acfsm=1493 \
  -ASTACK=060h-0F5Fh -pstack=STACK -ACODE=00h-01FFFFh -ACONST=00h-01FFFFh \
  -ASMALLCONST=01000h-010FFhx496 \
  -AMEDIUMCONST=01000h-0FFFFh,011000h-01FFFFh -ACOMRAM=01h-05Fh \
  -AABS1=00h-0F5Fh -ABIGRAM=01h-0F5Fh \
  -ARAM=060h-0FFh,0100h-01FFhx14,0F00h-0F5Fh -ABANK0=060h-0FFh \
  -ABANK1=0100h-01FFh -ABANK2=0200h-02FFh -ABANK3=0300h-03FFh \
  -ABANK4=0400h-04FFh -ABANK5=0500h-05FFh -ABANK6=0600h-06FFh \
  -ABANK7=0700h-07FFh -ABANK8=0800h-08FFh -ABANK9=0900h-09FFh \
  -ABANK10=0A00h-0AFFh -ABANK11=0B00h-0BFFh -ABANK12=0C00h-0CFFh \
  -ABANK13=0D00h-0DFFh -ABANK14=0E00h-0EFFh -ABANK15=0F00h-0F5Fh \
  -ASFR=0F60h-0FFFh -ACONFIG=0300000h-030000Dh -AIDLOC=0200000h-0200007h \
  -AEEDATA=0F00000h-0F003FFh -peeprom_data=EEDATA \
  -preset_vec=00h,intcode=08h,intcodelo=018h,powerup,init -pramtop=01000h \
  -psmallconst=SMALLCONST -pmediumconst=MEDIUMCONST -pconst=CONST \
  -AFARRAM=00h-00h \
  -prdata=COMRAM,nvrram=COMRAM,nvbit=COMRAM,rbss=COMRAM,rbit=COMRAM \
  -pfarbss=FARRAM,fardata=FARRAM,nvFARRAM=FARRAM \
  -pintsave_regs=BIGRAM,bigbss=BIGRAM,bigdata=BIGRAM -pbss=RAM \
  -pidata=CODE,irdata=CODE,ibigdata=CODE,ifardata=CODE -prparam=COMRAM \
  C:\Users\HOBBIT~1\AppData\Local\Temp\sj8kx8.o \
  dist/default/debug\hw2.X.debug.o 

Object code version is 3.11

Machine type is 18F8722



                Name                               Link     Load   Length Selector   Space Scale
C:\Users\HOBBIT~1\AppData\Local\Temp\sj8kx8.o
                idloc                            200000   200000        8        0       5
                config                           300000   300000        E        0       4
                init                                 26       26        4        C       0
                reset_vec                             0        0        4        0       0
dist/default/debug\hw2.X.debug.o
                intcodelo                            18       18        E        C       0
                intcode                               8        8        6        4       0
                idloc                            200000   200000        8        0       5
                config                           300000   300000        E        0       4
                temp                                 4B       4B        1        1       1
                text19                              C7A      C7A       1A        C       0
                text18                              C22      C22       30        C       0
                intcode_body                        898      898       A2        C       0
                text15                              C52      C52       28        C       0
                text14                              A8A      A8A       5E        C       0
                text13                              B36      B36       4A        C       0
                text12                               2A       2A      512        C       0
                text11                              CE2      CE2        A        C       0
                text10                              AE8      AE8       4E        C       0
                text9                               CD2      CD2       10        C       0
                text8                               CAA      CAA       16        C       0
                text7                               CC0      CC0       12        C       0
                text6                               BEE      BEE       34        C       0
                text5                               9B6      9B6       70        C       0
                text4                               A26      A26       64        C       0
                text3                               B80      B80       38        C       0
                text2                               758      758      140        C       0
                text1                               53C      53C      21C        C       0
                text0                               93A      93A       7C        C       0
                cstackCOMRAM                         3F       3F        A        1       1
                dataCOMRAM                           29       29       16        1       1
                bssCOMRAM                             1        1       28        1       1
                cinit                               BB8      BB8       36        C       0
                nvCOMRAM                             49       49        2        1       1
                idataCOMRAM                         C94      C94       16        C       0

TOTAL           Name                               Link     Load   Length     Space
        CLASS   STACK          

        CLASS   CODE           
                intcodelo                            18       18        E         0
                intcode                               8        8        6         0
                init                                 26       26        4         0
                reset_vec                             0        0        4         0
                text19                              C7A      C7A       1A         0
                text18                              C22      C22       30         0
                intcode_body                        898      898       A2         0
                text15                              C52      C52       28         0
                text14                              A8A      A8A       5E         0
                text13                              B36      B36       4A         0
                text12                               2A       2A      512         0
                text11                              CE2      CE2        A         0
                text10                              AE8      AE8       4E         0
                text9                               CD2      CD2       10         0
                text8                               CAA      CAA       16         0
                text7                               CC0      CC0       12         0
                text6                               BEE      BEE       34         0
                text5                               9B6      9B6       70         0
                text4                               A26      A26       64         0
                text3                               B80      B80       38         0
                text2                               758      758      140         0
                text1                               53C      53C      21C         0
                text0                               93A      93A       7C         0
                cinit                               BB8      BB8       36         0
                idataCOMRAM                         C94      C94       16         0

        CLASS   CONST          

        CLASS   SMALLCONST     

        CLASS   MEDIUMCONST    

        CLASS   COMRAM         
                temp                                 4B       4B        1         1
                cstackCOMRAM                         3F       3F        A         1
                dataCOMRAM                           29       29       16         1
                bssCOMRAM                             1        1       28         1
                nvCOMRAM                             49       49        2         1

        CLASS   ABS1           

        CLASS   BIGRAM         

        CLASS   RAM            

        CLASS   BANK0          

        CLASS   BANK1          

        CLASS   BANK2          

        CLASS   BANK3          

        CLASS   BANK4          

        CLASS   BANK5          

        CLASS   BANK6          

        CLASS   BANK7          

        CLASS   BANK8          

        CLASS   BANK9          

        CLASS   BANK10         

        CLASS   BANK11         

        CLASS   BANK12         

        CLASS   BANK13         

        CLASS   BANK14         

        CLASS   BANK15         

        CLASS   SFR            

        CLASS   CONFIG         
                config                           300000   300000        E         4

        CLASS   IDLOC          
                idloc                            200000   200000        8         5

        CLASS   EEDATA         

        CLASS   FARRAM         



SEGMENTS        Name                           Load    Length   Top    Selector   Space  Class

                reset_vec                      000000  000004  000004         0       0  CODE    
                bssCOMRAM                      000001  00004B  00004C         1       1  COMRAM  
                intcode                        000008  000006  00000E         4       0  CODE    
                intcodelo                      000018  000CD4  000CEC         C       0  CODE    


UNUSED ADDRESS RANGES

        Name                Unused          Largest block    Delta
        BANK0            000060-0000FF               A0
        BANK1            000100-0001FF              100
        BANK10           000A00-000AFF              100
        BANK11           000B00-000BFF              100
        BANK12           000C00-000CFF              100
        BANK13           000D00-000DFF              100
        BANK14           000E00-000EFF              100
        BANK15           000F00-000F5F               60
        BANK2            000200-0002FF              100
        BANK3            000300-0003FF              100
        BANK4            000400-0004FF              100
        BANK5            000500-0005FF              100
        BANK6            000600-0006FF              100
        BANK7            000700-0007FF              100
        BANK8            000800-0008FF              100
        BANK9            000900-0009FF              100
        BIGRAM           00004C-000F5F              F14
        CODE             000004-000007                4
                         00000E-000017                A
                         000CEC-01FFFF            1F314
        COMRAM           00004C-00005F               14
        CONST            000004-000007                4
                         00000E-000017                A
                         000CEC-01FFFF            1F314
        EEDATA           F00000-F003FF              400
        MEDIUMCONST      001000-00FFFF             F000
                         011000-01FFFF             F000
        RAM              000060-000F5F              100
        SFR              000F60-000FFF               A0
        SMALLCONST       001000-01FFFF              100
        STACK            000060-000F5F              F00

                                  Symbol Table

?___lwmod                    cstackCOMRAM 000041
DELAY_ms@i                   cstackCOMRAM 000043
DELAY_ms@j                   cstackCOMRAM 000045
DELAY_ms@ms_Count            cstackCOMRAM 000041
_ADCON0bits                  (abs)        000FC2
_DELAY_ms                    text13       000B36
_E                           dataCOMRAM   00003B
_INTCON                      (abs)        000FF2
_INTCONbits                  (abs)        000FF2
_L                           dataCOMRAM   00003E
_LATA                        (abs)        000F89
_LATB                        (abs)        000F8A
_LATC                        (abs)        000F8B
_LATD                        (abs)        000F8C
_LATE                        (abs)        000F8D
_LATF                        (abs)        000F8E
_LATG                        (abs)        000F8F
_O                           dataCOMRAM   00003D
_PORTA                       (abs)        000F80
_PORTB                       (abs)        000F81
_PORTC                       (abs)        000F82
_PORTD                       (abs)        000F83
_PORTE                       (abs)        000F84
_PORTF                       (abs)        000F85
_PORTG                       (abs)        000F86
_PORTH                       (abs)        000F87
_PORTJ                       (abs)        000F88
_RA                          bssCOMRAM    00000D
_S                           dataCOMRAM   00003C
_T0CON                       (abs)        000FD5
_T0CONbits                   (abs)        000FD5
_T1CON                       (abs)        000FCD
_T1CONbits                   (abs)        000FCD
_TMR0                        (abs)        000FD6
_TMR1H                       (abs)        000FCF
_TMR1L                       (abs)        000FCE
_TRISA                       (abs)        000F92
_TRISB                       (abs)        000F93
_TRISC                       (abs)        000F94
_TRISD                       (abs)        000F95
_TRISE                       (abs)        000F96
_TRISF                       (abs)        000F97
_TRISG                       (abs)        000F98
_TRISH                       (abs)        000F99
_TRISJ                       (abs)        000F9A
__HRAM                       (abs)        000000
__Habs1                      abs1         000000
__Hbank0                     bank0        000000
__Hbank1                     bank1        000000
__Hbank10                    bank10       000000
__Hbank11                    bank11       000000
__Hbank12                    bank12       000000
__Hbank13                    bank13       000000
__Hbank14                    bank14       000000
__Hbank15                    bank15       000000
__Hbank2                     bank2        000000
__Hbank3                     bank3        000000
__Hbank4                     bank4        000000
__Hbank5                     bank5        000000
__Hbank6                     bank6        000000
__Hbank7                     bank7        000000
__Hbank8                     bank8        000000
__Hbank9                     bank9        000000
__Hbigbss                    bigbss       000000
__Hbigdata                   bigdata      000000
__Hbigram                    bigram       000000
__Hbss                       bss          000000
__HbssCOMRAM                 bssCOMRAM    000000
__Hcinit                     cinit        000000
__Hclrtext                   clrtext      000000
__Hcomram                    comram       000000
__Hconfig                    config       30000E
__Hconst                     const        000000
__HcstackCOMRAM              cstackCOMRAM 000000
__Hdata                      data         000000
__HdataCOMRAM                dataCOMRAM   000000
__Heeprom_data               eeprom_data  000000
__Hfarbss                    farbss       000000
__Hfardata                   fardata      000000
__Hibigdata                  ibigdata     000000
__Hidata                     idata        000000
__HidataCOMRAM               idataCOMRAM  000000
__Hidloc                     idloc        200008
__Hifardata                  ifardata     000000
__Hinit                      init         00002A
__Hintcode                   intcode      00000E
__Hintcode_body              intcode_body 000000
__Hintcodelo                 intcodelo    000026
__Hintentry                  intentry     000000
__Hintret                    intret       000000
__Hintsave_regs              intsave_regs 000000
__Hirdata                    irdata       000000
__Hmediumconst               mediumconst  000000
__HnvCOMRAM                  nvCOMRAM     000000
__HnvFARRAM                  nvFARRAM     000000
__Hnvbit                     nvbit        000000
__Hnvrram                    nvrram       000000
__Hparam                     rparam       000000
__Hpowerup                   powerup      000026
__Hram                       ram          000000
__Hramtop                    ramtop       001000
__Hrbit                      rbit         000000
__Hrbss                      rbss         000000
__Hrdata                     rdata        000000
__Hreset_vec                 reset_vec    000004
__Hrparam                    rparam       000000
__Hsfr                       sfr          000000
__Hsmallconst                smallconst   000000
__Hspace_0                   (abs)        001000
__Hspace_1                   (abs)        00004C
__Hspace_2                   (abs)        000000
__Hspace_4                   (abs)        60000E
__Hstack                     stack        000000
__Hstruct                    struct       000000
__Htemp                      temp         00004C
__Htext                      text         000000
__Htext0                     text0        000000
__Htext1                     text1        000000
__Htext10                    text10       000000
__Htext11                    text11       000000
__Htext12                    text12       000000
__Htext13                    text13       000000
__Htext14                    text14       000000
__Htext15                    text15       000000
__Htext18                    text18       000000
__Htext19                    text19       000000
__Htext2                     text2        000000
__Htext3                     text3        000000
__Htext4                     text4        000000
__Htext5                     text5        000000
__Htext6                     text6        000000
__Htext7                     text7        000000
__Htext8                     text8        000000
__Htext9                     text9        000000
__LRAM                       (abs)        000001
__Labs1                      abs1         000000
__Lbank0                     bank0        000000
__Lbank1                     bank1        000000
__Lbank10                    bank10       000000
__Lbank11                    bank11       000000
__Lbank12                    bank12       000000
__Lbank13                    bank13       000000
__Lbank14                    bank14       000000
__Lbank15                    bank15       000000
__Lbank2                     bank2        000000
__Lbank3                     bank3        000000
__Lbank4                     bank4        000000
__Lbank5                     bank5        000000
__Lbank6                     bank6        000000
__Lbank7                     bank7        000000
__Lbank8                     bank8        000000
__Lbank9                     bank9        000000
__Lbigbss                    bigbss       000000
__Lbigdata                   bigdata      000000
__Lbigram                    bigram       000000
__Lbss                       bss          000000
__LbssCOMRAM                 bssCOMRAM    000000
__Lcinit                     cinit        000000
__Lclrtext                   clrtext      000000
__Lcomram                    comram       000000
__Lconfig                    config       000000
__Lconst                     const        000000
__LcstackCOMRAM              cstackCOMRAM 000000
__Ldata                      data         000000
__LdataCOMRAM                dataCOMRAM   000000
__Leeprom_data               eeprom_data  000000
__Lfarbss                    farbss       000000
__Lfardata                   fardata      000000
__Libigdata                  ibigdata     000000
__Lidata                     idata        000000
__LidataCOMRAM               idataCOMRAM  000000
__Lidloc                     idloc        000000
__Lifardata                  ifardata     000000
__Linit                      init         000026
__Lintcode                   intcode      000008
__Lintcode_body              intcode_body 000000
__Lintcodelo                 intcodelo    000018
__Lintentry                  intentry     000000
__Lintret                    intret       000000
__Lintsave_regs              intsave_regs 000000
__Lirdata                    irdata       000000
__Lmediumconst               mediumconst  000000
__LnvCOMRAM                  nvCOMRAM     000000
__LnvFARRAM                  nvFARRAM     000000
__Lnvbit                     nvbit        000000
__Lnvrram                    nvrram       000000
__Lparam                     rparam       000000
__Lpowerup                   powerup      000026
__Lram                       ram          000000
__Lramtop                    ramtop       001000
__Lrbit                      rbit         000000
__Lrbss                      rbss         000000
__Lrdata                     rdata        000000
__Lreset_vec                 reset_vec    000000
__Lrparam                    rparam       000000
__Lsfr                       sfr          000000
__Lsmallconst                smallconst   000000
__Lspace_0                   (abs)        000000
__Lspace_1                   (abs)        000000
__Lspace_2                   (abs)        000000
__Lspace_4                   (abs)        000000
__Lstack                     stack        000000
__Lstruct                    struct       000000
__Ltemp                      temp         00004B
__Ltext                      text         000000
__Ltext0                     text0        000000
__Ltext1                     text1        000000
__Ltext10                    text10       000000
__Ltext11                    text11       000000
__Ltext12                    text12       000000
__Ltext13                    text13       000000
__Ltext14                    text14       000000
__Ltext15                    text15       000000
__Ltext18                    text18       000000
__Ltext19                    text19       000000
__Ltext2                     text2        000000
__Ltext3                     text3        000000
__Ltext4                     text4        000000
__Ltext5                     text5        000000
__Ltext6                     text6        000000
__Ltext7                     text7        000000
__Ltext8                     text8        000000
__Ltext9                     text9        000000
__S0                         (abs)        000CEC
__S1                         (abs)        00004C
__S2                         (abs)        000000
__S4                         (abs)        000000
__S5                         (abs)        000000
___extmem_base               (abs)        020000
___inthi_sp                  stack        000000
___intlo_sp                  stack        000000
___lwmod                     text4        000A26
___lwmod@counter             cstackCOMRAM 000045
___lwmod@dividend            cstackCOMRAM 000041
___lwmod@divisor             cstackCOMRAM 000043
___param_bank                (abs)        000000
___rparam_used               (abs)        000001
___sp                        stack        000000
__accesstop                  (abs)        000060
__activetblptr               (abs)        000003
__end_of_DELAY_ms            text13       000B80
__end_of___lwmod             text4        000A8A
__end_of__initialization     cinit        000BE4
__end_of_check_rc0           text14       000AE8
__end_of_compare_results     text6        000C22
__end_of_display_task        text12       00053C
__end_of_highPriorityISR     intcode_body 00093A
__end_of_init_all            text7        000CD2
__end_of_init_interrupts     text11       000CEC
__end_of_init_ports          text10       000B36
__end_of_init_timer          text9        000CE2
__end_of_input_task          text5        000A26
__end_of_iterate_notes       text19       000C94
__end_of_lowPriorityISR      intcodelo    000026
__end_of_main                text0        0009B6
__end_of_note_generate_task  text2        000898
__end_of_read_tmr1           text15       000C7A
__end_of_rightRotate         text3        000BB8
__end_of_set_timer_task      text1        000758
__end_of_start_system        text8        000CC0
__end_of_tmr0_int            text18       000C52
__initialization             cinit        000BB8
__mediumconst                mediumconst  000000
__pbssCOMRAM                 bssCOMRAM    000001
__pcinit                     cinit        000BB8
__pcstackCOMRAM              cstackCOMRAM 00003F
__pdataCOMRAM                dataCOMRAM   000029
__pidataCOMRAM               idataCOMRAM  000C94
__pintcode                   intcode      000008
__pintcode_body              intcode_body 000898
__pintcodelo                 intcodelo    000018
__pnvCOMRAM                  nvCOMRAM     000049
__ptext0                     text0        00093A
__ptext1                     text1        00053C
__ptext10                    text10       000AE8
__ptext11                    text11       000CE2
__ptext12                    text12       00002A
__ptext13                    text13       000B36
__ptext14                    text14       000A8A
__ptext15                    text15       000C52
__ptext18                    text18       000C22
__ptext19                    text19       000C7A
__ptext2                     text2        000758
__ptext3                     text3        000B80
__ptext4                     text4        000A26
__ptext5                     text5        0009B6
__ptext6                     text6        000BEE
__ptext7                     text7        000CC0
__ptext8                     text8        000CAA
__ptext9                     text9        000CD2
__ramtop                     ramtop       001000
__size_of_DELAY_ms           (abs)        000000
__size_of___lwmod            (abs)        000000
__size_of_check_rc0          (abs)        000000
__size_of_compare_results    (abs)        000000
__size_of_display_task       (abs)        000000
__size_of_highPriorityISR    (abs)        000000
__size_of_init_all           (abs)        000000
__size_of_init_interrupts    (abs)        000000
__size_of_init_ports         (abs)        000000
__size_of_init_timer         (abs)        000000
__size_of_input_task         (abs)        000000
__size_of_iterate_notes      (abs)        000000
__size_of_lowPriorityISR     (abs)        000000
__size_of_main               (abs)        000000
__size_of_note_generate_task (abs)        000000
__size_of_read_tmr1          (abs)        000000
__size_of_rightRotate        (abs)        000000
__size_of_set_timer_task     (abs)        000000
__size_of_start_system       (abs)        000000
__size_of_tmr0_int           (abs)        000000
__smallconst                 smallconst   000000
_a                           bssCOMRAM    000001
_ander                       dataCOMRAM   000033
_check_rc0                   text14       000A8A
_compare_results             text6        000BEE
_count_cap                   dataCOMRAM   000035
_d                           dataCOMRAM   000039
_decrease_health_flag        bssCOMRAM    00000B
_display_task                text12       00002A
_exit_flag                   bssCOMRAM    000019
_health                      nvCOMRAM     000049
_health_check                bssCOMRAM    000005
_health_points               dataCOMRAM   000029
_high                        bssCOMRAM    00001F
_highPriorityISR             intcode      000008
_init_all                    text7        000CC0
_init_interrupts             text11       000CE2
_init_ports                  text10       000AE8
_init_timer                  text9        000CD2
_initial_timer1              bssCOMRAM    000021
_input_G                     bssCOMRAM    000011
_input_compare_flag          bssCOMRAM    000013
_input_task                  text5        0009B6
_iterate_notes               text19       000C7A
_l2_over                     bssCOMRAM    000003
_level                       bssCOMRAM    000025
_level_init                  dataCOMRAM   000037
_light                       bssCOMRAM    000015
_low                         bssCOMRAM    00001D
_lowPriorityISR              intcodelo    000018
_main                        text0        00093A
_n                           dataCOMRAM   00003A
_note_count                  bssCOMRAM    000023
_note_generate_flag          bssCOMRAM    00000F
_note_generate_task          text2        000758
_randomed                    bssCOMRAM    000017
_read_tmr1                   text15       000C52
_rightRotate                 text3        000B80
_set_timer_task              text1        00053C
_start_flag                  bssCOMRAM    000009
_start_system                text8        000CAA
_t_count                     bssCOMRAM    000027
_timer_flag                  bssCOMRAM    000007
_tmr0_int                    text18       000C22
_wait                        bssCOMRAM    00001B
btemp                        temp         00004B
end_of_initialization        cinit        000BE4
int$flags                    temp         00004B
int_func                     intcode_body 000898
intlevel0                    text         000000
intlevel1                    text         000000
intlevel2                    text         000000
intlevel3                    text         000000
rightRotate@n                cstackCOMRAM 000041
stackhi                      (abs)        000F5F
stacklo                      (abs)        000060
start                        init         000026
start_initialization         cinit        000BB8
ttemp5                       temp         00004C
ttemp6                       temp         00004F
ttemp7                       temp         000053
wtemp8                       temp         00004C


FUNCTION INFORMATION:

 *************** function _main *****************
 Defined at:
		line 511 in file "hw2_1.c"
 Parameters:    Size  Location     Type
		None
 Auto vars:     Size  Location     Type
		None
 Return value:  Size  Location     Type
                  2  276[None  ] int 
 Registers used:
		wreg, status,2, status,0, cstack
 Tracked objects:
		On entry : 
		On exit  : 
		Unchanged: 
 Data sizes:     COMRAM   BANK0   BANK1   BANK2   BANK3   BANK4   BANK5   BANK6   BANK7   BANK8   BANK9  BANK10  BANK11  BANK12  BANK13  BANK14  BANK15
      Params:         0       0       0       0       0       0       0       0       0       0       0       0       0       0       0       0       0
      Locals:         0       0       0       0       0       0       0       0       0       0       0       0       0       0       0       0       0
      Temps:          0       0       0       0       0       0       0       0       0       0       0       0       0       0       0       0       0
      Totals:         0       0       0       0       0       0       0       0       0       0       0       0       0       0       0       0       0
Total ram usage:        0 bytes
 Hardware stack levels required when called:    6
 This function calls:
		_check_rc0
		_display_task
		_init_all
		_input_task
		_note_generate_task
		_set_timer_task
 This function is called by:
		Startup code after reset
 This function uses a non-reentrant model


 *************** function _set_timer_task *****************
 Defined at:
		line 148 in file "hw2_1.c"
 Parameters:    Size  Location     Type
		None
 Auto vars:     Size  Location     Type
		None
 Return value:  Size  Location     Type
                  1    wreg      void 
 Registers used:
		wreg, status,2, status,0
 Tracked objects:
		On entry : 
		On exit  : 
		Unchanged: 
 Data sizes:     COMRAM   BANK0   BANK1   BANK2   BANK3   BANK4   BANK5   BANK6   BANK7   BANK8   BANK9  BANK10  BANK11  BANK12  BANK13  BANK14  BANK15
      Params:         0       0       0       0       0       0       0       0       0       0       0       0       0       0       0       0       0
      Locals:         0       0       0       0       0       0       0       0       0       0       0       0       0       0       0       0       0
      Temps:          0       0       0       0       0       0       0       0       0       0       0       0       0       0       0       0       0
      Totals:         0       0       0       0       0       0       0       0       0       0       0       0       0       0       0       0       0
Total ram usage:        0 bytes
 Hardware stack levels used:    1
 Hardware stack levels required when called:    4
 This function calls:
		Nothing
 This function is called by:
		_main
 This function uses a non-reentrant model


 *************** function _note_generate_task *****************
 Defined at:
		line 228 in file "hw2_1.c"
 Parameters:    Size  Location     Type
		None
 Auto vars:     Size  Location     Type
		None
 Return value:  Size  Location     Type
                  1    wreg      void 
 Registers used:
		wreg, status,2, status,0, cstack
 Tracked objects:
		On entry : 
		On exit  : 
		Unchanged: 
 Data sizes:     COMRAM   BANK0   BANK1   BANK2   BANK3   BANK4   BANK5   BANK6   BANK7   BANK8   BANK9  BANK10  BANK11  BANK12  BANK13  BANK14  BANK15
      Params:         0       0       0       0       0       0       0       0       0       0       0       0       0       0       0       0       0
      Locals:         0       0       0       0       0       0       0       0       0       0       0       0       0       0       0       0       0
      Temps:          2       0       0       0       0       0       0       0       0       0       0       0       0       0       0       0       0
      Totals:         2       0       0       0       0       0       0       0       0       0       0       0       0       0       0       0       0
Total ram usage:        2 bytes
 Hardware stack levels used:    1
 Hardware stack levels required when called:    5
 This function calls:
		___lwmod
		_rightRotate
 This function is called by:
		_main
 This function uses a non-reentrant model


 *************** function _rightRotate *****************
 Defined at:
		line 210 in file "hw2_1.c"
 Parameters:    Size  Location     Type
  n               2    2[COMRAM] unsigned int 
 Auto vars:     Size  Location     Type
		None
 Return value:  Size  Location     Type
                  1    wreg      void 
 Registers used:
		wreg, status,2, status,0
 Tracked objects:
		On entry : 
		On exit  : 
		Unchanged: 
 Data sizes:     COMRAM   BANK0   BANK1   BANK2   BANK3   BANK4   BANK5   BANK6   BANK7   BANK8   BANK9  BANK10  BANK11  BANK12  BANK13  BANK14  BANK15
      Params:         2       0       0       0       0       0       0       0       0       0       0       0       0       0       0       0       0
      Locals:         0       0       0       0       0       0       0       0       0       0       0       0       0       0       0       0       0
      Temps:          2       0       0       0       0       0       0       0       0       0       0       0       0       0       0       0       0
      Totals:         4       0       0       0       0       0       0       0       0       0       0       0       0       0       0       0       0
Total ram usage:        4 bytes
 Hardware stack levels used:    1
 Hardware stack levels required when called:    4
 This function calls:
		Nothing
 This function is called by:
		_note_generate_task
 This function uses a non-reentrant model


 *************** function ___lwmod *****************
 Defined at:
		line 7 in file "C:\Program Files\Microchip\xc8\v2.30\pic\sources\c99\common\lwmod.c"
 Parameters:    Size  Location     Type
  dividend        2    2[COMRAM] unsigned int 
  divisor         2    4[COMRAM] unsigned int 
 Auto vars:     Size  Location     Type
  counter         1    6[COMRAM] unsigned char 
 Return value:  Size  Location     Type
                  2    2[COMRAM] unsigned int 
 Registers used:
		wreg, status,2, status,0
 Tracked objects:
		On entry : 
		On exit  : 
		Unchanged: 
 Data sizes:     COMRAM   BANK0   BANK1   BANK2   BANK3   BANK4   BANK5   BANK6   BANK7   BANK8   BANK9  BANK10  BANK11  BANK12  BANK13  BANK14  BANK15
      Params:         4       0       0       0       0       0       0       0       0       0       0       0       0       0       0       0       0
      Locals:         1       0       0       0       0       0       0       0       0       0       0       0       0       0       0       0       0
      Temps:          0       0       0       0       0       0       0       0       0       0       0       0       0       0       0       0       0
      Totals:         5       0       0       0       0       0       0       0       0       0       0       0       0       0       0       0       0
Total ram usage:        5 bytes
 Hardware stack levels used:    1
 Hardware stack levels required when called:    4
 This function calls:
		Nothing
 This function is called by:
		_note_generate_task
 This function uses a non-reentrant model


 *************** function _input_task *****************
 Defined at:
		line 195 in file "hw2_1.c"
 Parameters:    Size  Location     Type
		None
 Auto vars:     Size  Location     Type
		None
 Return value:  Size  Location     Type
                  1    wreg      void 
 Registers used:
		wreg, status,2, status,0, cstack
 Tracked objects:
		On entry : 
		On exit  : 
		Unchanged: 
 Data sizes:     COMRAM   BANK0   BANK1   BANK2   BANK3   BANK4   BANK5   BANK6   BANK7   BANK8   BANK9  BANK10  BANK11  BANK12  BANK13  BANK14  BANK15
      Params:         0       0       0       0       0       0       0       0       0       0       0       0       0       0       0       0       0
      Locals:         0       0       0       0       0       0       0       0       0       0       0       0       0       0       0       0       0
      Temps:          0       0       0       0       0       0       0       0       0       0       0       0       0       0       0       0       0
      Totals:         0       0       0       0       0       0       0       0       0       0       0       0       0       0       0       0       0
Total ram usage:        0 bytes
 Hardware stack levels used:    1
 Hardware stack levels required when called:    5
 This function calls:
		_compare_results
 This function is called by:
		_main
 This function uses a non-reentrant model


 *************** function _compare_results *****************
 Defined at:
		line 186 in file "hw2_1.c"
 Parameters:    Size  Location     Type
		None
 Auto vars:     Size  Location     Type
		None
 Return value:  Size  Location     Type
                  1    wreg      void 
 Registers used:
		wreg, status,2, status,0
 Tracked objects:
		On entry : 
		On exit  : 
		Unchanged: 
 Data sizes:     COMRAM   BANK0   BANK1   BANK2   BANK3   BANK4   BANK5   BANK6   BANK7   BANK8   BANK9  BANK10  BANK11  BANK12  BANK13  BANK14  BANK15
      Params:         0       0       0       0       0       0       0       0       0       0       0       0       0       0       0       0       0
      Locals:         0       0       0       0       0       0       0       0       0       0       0       0       0       0       0       0       0
      Temps:          2       0       0       0       0       0       0       0       0       0       0       0       0       0       0       0       0
      Totals:         2       0       0       0       0       0       0       0       0       0       0       0       0       0       0       0       0
Total ram usage:        2 bytes
 Hardware stack levels used:    1
 Hardware stack levels required when called:    4
 This function calls:
		Nothing
 This function is called by:
		_input_task
 This function uses a non-reentrant model


 *************** function _init_all *****************
 Defined at:
		line 503 in file "hw2_1.c"
 Parameters:    Size  Location     Type
		None
 Auto vars:     Size  Location     Type
		None
 Return value:  Size  Location     Type
                  1    wreg      void 
 Registers used:
		wreg, status,2, cstack
 Tracked objects:
		On entry : 
		On exit  : 
		Unchanged: 
 Data sizes:     COMRAM   BANK0   BANK1   BANK2   BANK3   BANK4   BANK5   BANK6   BANK7   BANK8   BANK9  BANK10  BANK11  BANK12  BANK13  BANK14  BANK15
      Params:         0       0       0       0       0       0       0       0       0       0       0       0       0       0       0       0       0
      Locals:         0       0       0       0       0       0       0       0       0       0       0       0       0       0       0       0       0
      Temps:          0       0       0       0       0       0       0       0       0       0       0       0       0       0       0       0       0
      Totals:         0       0       0       0       0       0       0       0       0       0       0       0       0       0       0       0       0
Total ram usage:        0 bytes
 Hardware stack levels used:    1
 Hardware stack levels required when called:    5
 This function calls:
		_init_interrupts
		_init_ports
		_init_timer
		_start_system
 This function is called by:
		_main
 This function uses a non-reentrant model


 *************** function _start_system *****************
 Defined at:
		line 482 in file "hw2_1.c"
 Parameters:    Size  Location     Type
		None
 Auto vars:     Size  Location     Type
		None
 Return value:  Size  Location     Type
                  1    wreg      void 
 Registers used:
		wreg, status,2
 Tracked objects:
		On entry : 
		On exit  : 
		Unchanged: 
 Data sizes:     COMRAM   BANK0   BANK1   BANK2   BANK3   BANK4   BANK5   BANK6   BANK7   BANK8   BANK9  BANK10  BANK11  BANK12  BANK13  BANK14  BANK15
      Params:         0       0       0       0       0       0       0       0       0       0       0       0       0       0       0       0       0
      Locals:         0       0       0       0       0       0       0       0       0       0       0       0       0       0       0       0       0
      Temps:          0       0       0       0       0       0       0       0       0       0       0       0       0       0       0       0       0
      Totals:         0       0       0       0       0       0       0       0       0       0       0       0       0       0       0       0       0
Total ram usage:        0 bytes
 Hardware stack levels used:    1
 Hardware stack levels required when called:    4
 This function calls:
		Nothing
 This function is called by:
		_init_all
 This function uses a non-reentrant model


 *************** function _init_timer *****************
 Defined at:
		line 120 in file "hw2_1.c"
 Parameters:    Size  Location     Type
		None
 Auto vars:     Size  Location     Type
		None
 Return value:  Size  Location     Type
                  1    wreg      void 
 Registers used:
		wreg, status,2
 Tracked objects:
		On entry : 
		On exit  : 
		Unchanged: 
 Data sizes:     COMRAM   BANK0   BANK1   BANK2   BANK3   BANK4   BANK5   BANK6   BANK7   BANK8   BANK9  BANK10  BANK11  BANK12  BANK13  BANK14  BANK15
      Params:         0       0       0       0       0       0       0       0       0       0       0       0       0       0       0       0       0
      Locals:         0       0       0       0       0       0       0       0       0       0       0       0       0       0       0       0       0
      Temps:          0       0       0       0       0       0       0       0       0       0       0       0       0       0       0       0       0
      Totals:         0       0       0       0       0       0       0       0       0       0       0       0       0       0       0       0       0
Total ram usage:        0 bytes
 Hardware stack levels used:    1
 Hardware stack levels required when called:    4
 This function calls:
		Nothing
 This function is called by:
		_init_all
 This function uses a non-reentrant model


 *************** function _init_ports *****************
 Defined at:
		line 52 in file "hw2_1.c"
 Parameters:    Size  Location     Type
		None
 Auto vars:     Size  Location     Type
		None
 Return value:  Size  Location     Type
                  1    wreg      void 
 Registers used:
		wreg, status,2
 Tracked objects:
		On entry : 
		On exit  : 
		Unchanged: 
 Data sizes:     COMRAM   BANK0   BANK1   BANK2   BANK3   BANK4   BANK5   BANK6   BANK7   BANK8   BANK9  BANK10  BANK11  BANK12  BANK13  BANK14  BANK15
      Params:         0       0       0       0       0       0       0       0       0       0       0       0       0       0       0       0       0
      Locals:         0       0       0       0       0       0       0       0       0       0       0       0       0       0       0       0       0
      Temps:          0       0       0       0       0       0       0       0       0       0       0       0       0       0       0       0       0
      Totals:         0       0       0       0       0       0       0       0       0       0       0       0       0       0       0       0       0
Total ram usage:        0 bytes
 Hardware stack levels used:    1
 Hardware stack levels required when called:    4
 This function calls:
		Nothing
 This function is called by:
		_init_all
 This function uses a non-reentrant model


 *************** function _init_interrupts *****************
 Defined at:
		line 127 in file "hw2_1.c"
 Parameters:    Size  Location     Type
		None
 Auto vars:     Size  Location     Type
		None
 Return value:  Size  Location     Type
                  1    wreg      void 
 Registers used:
		wreg, status,2
 Tracked objects:
		On entry : 
		On exit  : 
		Unchanged: 
 Data sizes:     COMRAM   BANK0   BANK1   BANK2   BANK3   BANK4   BANK5   BANK6   BANK7   BANK8   BANK9  BANK10  BANK11  BANK12  BANK13  BANK14  BANK15
      Params:         0       0       0       0       0       0       0       0       0       0       0       0       0       0       0       0       0
      Locals:         0       0       0       0       0       0       0       0       0       0       0       0       0       0       0       0       0
      Temps:          0       0       0       0       0       0       0       0       0       0       0       0       0       0       0       0       0
      Totals:         0       0       0       0       0       0       0       0       0       0       0       0       0       0       0       0       0
Total ram usage:        0 bytes
 Hardware stack levels used:    1
 Hardware stack levels required when called:    4
 This function calls:
		Nothing
 This function is called by:
		_init_all
 This function uses a non-reentrant model


 *************** function _display_task *****************
 Defined at:
		line 262 in file "hw2_1.c"
 Parameters:    Size  Location     Type
		None
 Auto vars:     Size  Location     Type
		None
 Return value:  Size  Location     Type
                  1    wreg      void 
 Registers used:
		wreg, status,2, status,0, cstack
 Tracked objects:
		On entry : 
		On exit  : 
		Unchanged: 
 Data sizes:     COMRAM   BANK0   BANK1   BANK2   BANK3   BANK4   BANK5   BANK6   BANK7   BANK8   BANK9  BANK10  BANK11  BANK12  BANK13  BANK14  BANK15
      Params:         0       0       0       0       0       0       0       0       0       0       0       0       0       0       0       0       0
      Locals:         0       0       0       0       0       0       0       0       0       0       0       0       0       0       0       0       0
      Temps:          2       0       0       0       0       0       0       0       0       0       0       0       0       0       0       0       0
      Totals:         2       0       0       0       0       0       0       0       0       0       0       0       0       0       0       0       0
Total ram usage:        2 bytes
 Hardware stack levels used:    1
 Hardware stack levels required when called:    5
 This function calls:
		_DELAY_ms
 This function is called by:
		_main
 This function uses a non-reentrant model


 *************** function _DELAY_ms *****************
 Defined at:
		line 135 in file "hw2_1.c"
 Parameters:    Size  Location     Type
  ms_Count        2    2[COMRAM] unsigned int 
 Auto vars:     Size  Location     Type
  j               2    6[COMRAM] unsigned int 
  i               2    4[COMRAM] unsigned int 
 Return value:  Size  Location     Type
                  1    wreg      void 
 Registers used:
		wreg, status,2, status,0
 Tracked objects:
		On entry : 
		On exit  : 
		Unchanged: 
 Data sizes:     COMRAM   BANK0   BANK1   BANK2   BANK3   BANK4   BANK5   BANK6   BANK7   BANK8   BANK9  BANK10  BANK11  BANK12  BANK13  BANK14  BANK15
      Params:         2       0       0       0       0       0       0       0       0       0       0       0       0       0       0       0       0
      Locals:         4       0       0       0       0       0       0       0       0       0       0       0       0       0       0       0       0
      Temps:          0       0       0       0       0       0       0       0       0       0       0       0       0       0       0       0       0
      Totals:         6       0       0       0       0       0       0       0       0       0       0       0       0       0       0       0       0
Total ram usage:        6 bytes
 Hardware stack levels used:    1
 Hardware stack levels required when called:    4
 This function calls:
		Nothing
 This function is called by:
		_display_task
 This function uses a non-reentrant model


 *************** function _check_rc0 *****************
 Defined at:
		line 490 in file "hw2_1.c"
 Parameters:    Size  Location     Type
		None
 Auto vars:     Size  Location     Type
		None
 Return value:  Size  Location     Type
                  1    wreg      void 
 Registers used:
		wreg, status,2, status,0, cstack
 Tracked objects:
		On entry : 
		On exit  : 
		Unchanged: 
 Data sizes:     COMRAM   BANK0   BANK1   BANK2   BANK3   BANK4   BANK5   BANK6   BANK7   BANK8   BANK9  BANK10  BANK11  BANK12  BANK13  BANK14  BANK15
      Params:         0       0       0       0       0       0       0       0       0       0       0       0       0       0       0       0       0
      Locals:         0       0       0       0       0       0       0       0       0       0       0       0       0       0       0       0       0
      Temps:          0       0       0       0       0       0       0       0       0       0       0       0       0       0       0       0       0
      Totals:         0       0       0       0       0       0       0       0       0       0       0       0       0       0       0       0       0
Total ram usage:        0 bytes
 Hardware stack levels used:    1
 Hardware stack levels required when called:    5
 This function calls:
		_read_tmr1
 This function is called by:
		_main
 This function uses a non-reentrant model


 *************** function _read_tmr1 *****************
 Defined at:
		line 220 in file "hw2_1.c"
 Parameters:    Size  Location     Type
		None
 Auto vars:     Size  Location     Type
		None
 Return value:  Size  Location     Type
                  1    wreg      void 
 Registers used:
		wreg, status,2, status,0
 Tracked objects:
		On entry : 
		On exit  : 
		Unchanged: 
 Data sizes:     COMRAM   BANK0   BANK1   BANK2   BANK3   BANK4   BANK5   BANK6   BANK7   BANK8   BANK9  BANK10  BANK11  BANK12  BANK13  BANK14  BANK15
      Params:         0       0       0       0       0       0       0       0       0       0       0       0       0       0       0       0       0
      Locals:         0       0       0       0       0       0       0       0       0       0       0       0       0       0       0       0       0
      Temps:          2       0       0       0       0       0       0       0       0       0       0       0       0       0       0       0       0
      Totals:         2       0       0       0       0       0       0       0       0       0       0       0       0       0       0       0       0
Total ram usage:        2 bytes
 Hardware stack levels used:    1
 Hardware stack levels required when called:    4
 This function calls:
		Nothing
 This function is called by:
		_check_rc0
 This function uses a non-reentrant model


 *************** function _lowPriorityISR *****************
 Defined at:
		line 117 in file "hw2_1.c"
 Parameters:    Size  Location     Type
		None
 Auto vars:     Size  Location     Type
		None
 Return value:  Size  Location     Type
                  1    wreg      void 
 Registers used:
		None
 Tracked objects:
		On entry : 
		On exit  : 
		Unchanged: 
 Data sizes:     COMRAM   BANK0   BANK1   BANK2   BANK3   BANK4   BANK5   BANK6   BANK7   BANK8   BANK9  BANK10  BANK11  BANK12  BANK13  BANK14  BANK15
      Params:         0       0       0       0       0       0       0       0       0       0       0       0       0       0       0       0       0
      Locals:         0       0       0       0       0       0       0       0       0       0       0       0       0       0       0       0       0
      Temps:          1       0       0       0       0       0       0       0       0       0       0       0       0       0       0       0       0
      Totals:         1       0       0       0       0       0       0       0       0       0       0       0       0       0       0       0       0
Total ram usage:        1 bytes
 Hardware stack levels used:    1
 Hardware stack levels required when called:    3
 This function calls:
		Nothing
 This function is called by:
		Interrupt level 1
 This function uses a non-reentrant model


 *************** function _highPriorityISR *****************
 Defined at:
		line 93 in file "hw2_1.c"
 Parameters:    Size  Location     Type
		None
 Auto vars:     Size  Location     Type
		None
 Return value:  Size  Location     Type
                  1    wreg      void 
 Registers used:
		wreg, status,2, status,0, cstack
 Tracked objects:
		On entry : 
		On exit  : 
		Unchanged: 
 Data sizes:     COMRAM   BANK0   BANK1   BANK2   BANK3   BANK4   BANK5   BANK6   BANK7   BANK8   BANK9  BANK10  BANK11  BANK12  BANK13  BANK14  BANK15
      Params:         0       0       0       0       0       0       0       0       0       0       0       0       0       0       0       0       0
      Locals:         0       0       0       0       0       0       0       0       0       0       0       0       0       0       0       0       0
      Temps:          1       0       0       0       0       0       0       0       0       0       0       0       0       0       0       0       0
      Totals:         1       0       0       0       0       0       0       0       0       0       0       0       0       0       0       0       0
Total ram usage:        1 bytes
 Hardware stack levels used:    1
 Hardware stack levels required when called:    2
 This function calls:
		_tmr0_int
 This function is called by:
		Interrupt level 2
 This function uses a non-reentrant model


 *************** function _tmr0_int *****************
 Defined at:
		line 82 in file "hw2_1.c"
 Parameters:    Size  Location     Type
		None
 Auto vars:     Size  Location     Type
		None
 Return value:  Size  Location     Type
                  1    wreg      void 
 Registers used:
		wreg, status,2, status,0, cstack
 Tracked objects:
		On entry : 
		On exit  : 
		Unchanged: 
 Data sizes:     COMRAM   BANK0   BANK1   BANK2   BANK3   BANK4   BANK5   BANK6   BANK7   BANK8   BANK9  BANK10  BANK11  BANK12  BANK13  BANK14  BANK15
      Params:         0       0       0       0       0       0       0       0       0       0       0       0       0       0       0       0       0
      Locals:         0       0       0       0       0       0       0       0       0       0       0       0       0       0       0       0       0
      Temps:          0       0       0       0       0       0       0       0       0       0       0       0       0       0       0       0       0
      Totals:         0       0       0       0       0       0       0       0       0       0       0       0       0       0       0       0       0
Total ram usage:        0 bytes
 Hardware stack levels used:    1
 Hardware stack levels required when called:    1
 This function calls:
		_iterate_notes
 This function is called by:
		_highPriorityISR
 This function uses a non-reentrant model


 *************** function _iterate_notes *****************
 Defined at:
		line 73 in file "hw2_1.c"
 Parameters:    Size  Location     Type
		None
 Auto vars:     Size  Location     Type
		None
 Return value:  Size  Location     Type
                  1    wreg      void 
 Registers used:
		None
 Tracked objects:
		On entry : 
		On exit  : 
		Unchanged: 
 Data sizes:     COMRAM   BANK0   BANK1   BANK2   BANK3   BANK4   BANK5   BANK6   BANK7   BANK8   BANK9  BANK10  BANK11  BANK12  BANK13  BANK14  BANK15
      Params:         0       0       0       0       0       0       0       0       0       0       0       0       0       0       0       0       0
      Locals:         0       0       0       0       0       0       0       0       0       0       0       0       0       0       0       0       0
      Temps:          0       0       0       0       0       0       0       0       0       0       0       0       0       0       0       0       0
      Totals:         0       0       0       0       0       0       0       0       0       0       0       0       0       0       0       0       0
Total ram usage:        0 bytes
 Hardware stack levels used:    1
 This function calls:
		Nothing
 This function is called by:
		_tmr0_int
 This function uses a non-reentrant model



MODULE INFORMATION

Module		Function		Class		Link	Load	Size
C:\Program Files\Microchip\xc8\v2.30\pic\sources\c99\common\lwmod.c
		___lwmod       		CODE           	0A26	0000	100

C:\Program Files\Microchip\xc8\v2.30\pic\sources\c99\common\lwmod.c estimated size: 100

hw2_1.c
		_iterate_notes 		CODE           	0C7A	0000	26
		_init_all      		CODE           	0CC0	0000	18
		_DELAY_ms      		CODE           	0B36	0000	74
		_note_generate_task		CODE           	0758	0000	320
		_display_task  		CODE           	002A	0000	1298
		_main          		CODE           	093A	0000	124
		_init_ports    		CODE           	0AE8	0000	78
		_read_tmr1     		CODE           	0C52	0000	40
		_rightRotate   		CODE           	0B80	0000	56
		_highPriorityISR		CODE           	0008	0000	168
		_init_timer    		CODE           	0CD2	0000	16
		_start_system  		CODE           	0CAA	0000	22
		_check_rc0     		CODE           	0A8A	0000	94
		_init_interrupts		CODE           	0CE2	0000	10
		_tmr0_int      		CODE           	0C22	0000	48
		_compare_results		CODE           	0BEE	0000	52
		_input_task    		CODE           	09B6	0000	112
		_lowPriorityISR		CODE           	0018	0000	14
		_set_timer_task		CODE           	053C	0000	540

hw2_1.c estimated size: 3110

shared
		__initialization		CODE           	0BB8	0000	44

shared estimated size: 44

